MPI startup(): FI_PSM3_UUID was not generated, please set it to avoid possible resources ownership conflicts between MPI processes

.Version 10.1.4.2 of LRUJ, released Jun 2024.
.(MPI version, prepared for a x86_64_linux_gnu8.5 computer) 

.Copyright (C) 1998-2024 ABINIT group . 
 LRUJ comes with ABSOLUTELY NO WARRANTY.
 It is free software, and you are welcome to redistribute it
 under certain conditions (GNU General Public License,
 see ~abinit/COPYING or http://www.gnu.org/copyleft/gpl.txt).

 ABINIT is a project of the Universite Catholique de Louvain,
 Corning Inc. and other collaborators, see ~abinit/doc/developers/contributors.txt .
 Please read https://docs.abinit.org/theory/acknowledgments for suggested
 acknowledgments of the ABINIT effort.
 For more information, see https://www.abinit.org .

.Starting date : Tue  2 Jul 2024.
- ( at 20h59 )
  
 Number of perturbations detected:  5
 Including unperturbed state, we have  6 data points.
 Standard determination of the Hubbard U parameter.
 Maximum degree of polynomials analyzed:  4
 NOTE: Unlike the ujdet utility, lruj treats the 
 response functions as scalars, not matrices!
 See lruj tutorial for more information.


*************************************************************************************************
**************************************  Linear Response U  **************************************

 Total number of atoms:    4
 Index of perturbed atom:    1
 Value of macro_uj:     1
 Value of dmatpuopt:     3
 Mixing constant factored out of Chi0:   0.450
 Percentage of AE orbital within the PAW sphere of perturbed subspace:     90.46723%

  Perturbations           Occupations 
 --------------- -----------------------------
    alpha [eV]     Unscreened      Screened
 --------------- -----------------------------
  -0.1500000676   8.6964981640   8.6520722017
  -0.1000000451   8.6747201354   8.6474287189
  -0.0500000225   8.6560314261   8.6427490189
   0.0000000000   8.6380182485   8.6380182485
   0.0500000225   8.6192514252   8.6332175138
   0.1000000451   8.5980251733   8.6283148790
                                                                       RMS Errors
                                                         ---------------------------------------
 Regression   Chi0 [eV^-1]   Chi [eV^-1]      U [eV]    | Chi0 [eV^-1]  Chi [eV^-1]     U [eV]
--------------------------------------------------------|---------------------------------------
 Linear:        -0.8594082    -0.0949434     9.3690012  |    0.0023925    0.0000878    0.0102653
 Quadratic:     -0.8574666    -0.0955791     9.2963162  |    0.0023777    0.0000129    0.0035296
 Cubic:         -0.8007858    -0.0952724     9.2474444  |    0.0001546    0.0000015    0.0002902
 Degree 4 :     -0.8049064    -0.0952277     9.2587688  |    0.0000790    0.0000003    0.0001250
*************************************************************************************************
*************************************************************************************************
 
Linear Response UJ (LRUJ) program complete. Live long and prosper. ~LMac


--- !LRUJ_Abipy_Plots
natom: 4
ndata: 6
pawujat: 1
macro_uj: 1
diem_token: diemix
diem:   4.50000000E-01
chi0_coefficients_degree1: [  8.63742242E+00,  -3.86733689E-01, ]
chi_coefficients_degree1: [  8.63792651E+00,  -9.49433851E-02, ]
chi0_coefficients_degree2: [  8.63730592E+00,  -3.85859966E-01,   1.74744631E-02, ]
chi_coefficients_degree2: [  8.63801127E+00,  -9.55790630E-02,  -1.27135520E-02, ]
chi0_coefficients_degree3: [  8.63801773E+00,  -3.60353594E-01,  -1.60476889E-01,  -2.37268363E+00, ]
chi_coefficients_degree3: [  8.63801983E+00,  -9.52724125E-02,  -1.48529734E-02,  -2.85256050E-02, ]
chi0_coefficients_degree4: [  8.63806830E+00,  -3.62207891E-01,  -1.91662776E-01,  -2.13668243E+00,   2.36001094E+00, ]
chi_coefficients_degree4: [  8.63801861E+00,  -9.52276722E-02,  -1.41005242E-02,  -3.42198126E-02,  -5.69420501E-02, ]
...

